0: Server starting with version 256
0: Starting server ACC Server (please edit settings.json)
0: maxCarSlots 30 exceeds the allowed slots by Rating requirement (10). Add Track Medal and Safety Rating Requirements to gain up to 30 slots (3 TM + 70 SA)
0: Translated realtime interval hzToMiliseconds(18)=54

0: SessionManager::randomizeGreenFlagTriggers: s:0.890000 e:0.950000 r:0.906738
0: Track monza was set and updated
0: Event changed
0: SessionManager::randomizeGreenFlagTriggers: s:0.890000 e:0.950000 r:0.925307
0: Significant change detected, updating lobby (1|1)
0: maxCarSlots 30 exceeds the allowed slots by Rating requirement (10). Add Track Medal and Safety Rating Requirements to gain up to 30 slots (3 TM + 70 SA)
0: Resetting weekend to friday night
0: Reset time to friday night: 0 -> 0
0: Reset time to first session: 0 -> 61200
0: SessionManager::randomizeGreenFlagTriggers: s:0.890000 e:0.950000 r:0.919430
0: Listening to TCP 9601 | UDP 9600
259: Trying to connect to lobby (0 times, interval 10000 s)
259: Session changed: Practice -> Practice 0
259: Detected sessionPhase <waiting for drivers> -> <waiting for drivers> (Practice)
21298: ==ERR: RegisterToLobby TCP connection failed, couldn't connect to the lobby server
21313: Trying to connect to lobby (1 times, interval 13000 s)
22483: RegisterToLobby succeeded
22498: Sent lobby registration request for monza
22683: TCPQueue now: 4
22683: New TCP incoming pakSizeMax, 0 => 2
22683: Updated lobby with 0 drivers
140650: Replied to network discovery request
197664: Replied to network discovery request
215858: Replied to network discovery request
235238: New connection received 336
235238: 1 client(s) online
235238: TCPQueue now: 514
235238: New TCP incoming pakSizeMax, 0 => 512
235238: Located entryListId -1 for connection 0 S76561198335923682
235238: New connection request: id 0 Juan Clavijo S76561198335923682 on car model 16
235238: Creating new car connection: carId 1001, carModel 16, raceNumber #63
235238: Special Rules for carid 1001: 
	max_total_driving_time is -1 (from -1), pitCount 0
235238: startingTime is not set?
235238: Starting stint for car 1001 driver 0 at 235238.028100
235238: Updated lobby with 1 drivers
235238: Assigning gridNumber 1 to new carId 1001
235238: Sent handshake response for car 1001 connection 0 with 1313 bytes
235238: 1 Driver(s) detected, starting session
235238: SessionManager::randomizeGreenFlagTriggers: s:0.991555 e:0.999999 r:0.993187
235238: Detected sessionPhase <waiting for drivers> -> <pre session> (Practice)
235238: Sent session update to lobby
235238: Updated leaderboard for 1 clients (Practice-<pre session> 20 min)
238247: Detected sessionPhase <session> -> <session> (Practice)
238247: Sent session update to lobby
242380: Tcp message count (1 clients): 
242410: Associated: connId 0, now 242410
242470: Reset time offset for connection 0, new offset 242406, diff 7168
243515: ==ERR: onCarUpdate (1001): timestamp is 6 ms in the future: 243522 (now: 243515 offset: 242407)
243622: ==ERR: onCarUpdate (1001): timestamp is 6 ms in the future: 243629 (now: 243622 offset: 242407)
243730: ==ERR: onCarUpdate (1001): timestamp is 6 ms in the future: 243737 (now: 243730 offset: 242407)
243930: Receives driver stint reset for car 1001
243930: Ending stint: new total time for car 1001 driver 0 is 7238.971900
243930: List of Stints for car 1001 driver 0
243930: Stint 1 car 1001 driver 0 started 235238.028100 ended 242477.000000
243990: Receives driver stint reset for car 1001
243990: startingTime is not set?
244006: Updated 0 clients with new carSystem for car 1001 (71303168l)
244344: Updated 0 clients with new carSystem for car 1001 (71303184l)
244972: ==ERR: onCarUpdate (1001): timestamp is 5 ms in the future: 244978 (now: 244972 offset: 242406)
245405: ==ERR: onCarUpdate (1001): timestamp is 5 ms in the future: 245411 (now: 245405 offset: 242406)
245621: ==ERR: onCarUpdate (1001): timestamp is 5 ms in the future: 245627 (now: 245621 offset: 242407)
245945: ==ERR: onCarUpdate (1001): timestamp is 6 ms in the future: 245952 (now: 245945 offset: 242407)
246486: ==ERR: onCarUpdate (1001): timestamp is 5 ms in the future: 246492 (now: 246486 offset: 242407)
247835: ==ERR: onCarUpdate (1001): timestamp is 5 ms in the future: 247841 (now: 247835 offset: 242406)
248050: ==ERR: onCarUpdate (1001): timestamp is 5 ms in the future: 248056 (now: 248050 offset: 242406)
248971: ==ERR: onCarUpdate (1001): timestamp is 6 ms in the future: 248978 (now: 248971 offset: 242408)
249078: ==ERR: onCarUpdate (1001): timestamp is 6 ms in the future: 249085 (now: 249078 offset: 242408)
249185: ==ERR: onCarUpdate (1001): timestamp is 7 ms in the future: 249193 (now: 249185 offset: 242408)
249292: ==ERR: onCarUpdate (1001): timestamp is 7 ms in the future: 249300 (now: 249292 offset: 242408)
249400: ==ERR: onCarUpdate (1001): timestamp is 7 ms in the future: 249408 (now: 249400 offset: 242408)
250103: ==ERR: onCarUpdate (1001): timestamp is 5 ms in the future: 250109 (now: 250103 offset: 242407)
250211: ==ERR: onCarUpdate (1001): timestamp is 5 ms in the future: 250217 (now: 250211 offset: 242407)
251885: ==ERR: onCarUpdate (1001): timestamp is 5 ms in the future: 251891 (now: 251885 offset: 242406)
252210: ==ERR: onCarUpdate (1001): timestamp is 5 ms in the future: 252216 (now: 252210 offset: 242406)
252424: ==ERR: onCarUpdate (1001): timestamp is 6 ms in the future: 252431 (now: 252424 offset: 242406)
253290: ==ERR: onCarUpdate (1001): timestamp is 5 ms in the future: 253296 (now: 253290 offset: 242406)
255450: ==ERR: onCarUpdate (1001): timestamp is 5 ms in the future: 255456 (now: 255450 offset: 242406)
255879: ==ERR: onCarUpdate (1001): timestamp is 5 ms in the future: 255885 (now: 255879 offset: 242405)
256802: ==ERR: onCarUpdate (1001): timestamp is 5 ms in the future: 256808 (now: 256802 offset: 242408)
257340: ==ERR: onCarUpdate (1001): timestamp is 7 ms in the future: 257348 (now: 257340 offset: 242408)
257663: ==ERR: onCarUpdate (1001): timestamp is 6 ms in the future: 257670 (now: 257663 offset: 242408)
257771: ==ERR: onCarUpdate (1001): timestamp is 6 ms in the future: 257778 (now: 257771 offset: 242408)
257879: ==ERR: onCarUpdate (1001): timestamp is 8 ms in the future: 257888 (now: 257879 offset: 242408)
258474: ==ERR: onCarUpdate (1001): timestamp is 5 ms in the future: 258480 (now: 258474 offset: 242408)
258690: ==ERR: onCarUpdate (1001): timestamp is 5 ms in the future: 258696 (now: 258690 offset: 242406)
259445: ==ERR: onCarUpdate (1001): timestamp is 5 ms in the future: 259451 (now: 259445 offset: 242406)
260042: ==ERR: onCarUpdate (1001): timestamp is 5 ms in the future: 260048 (now: 260042 offset: 242408)
261120: ==ERR: onCarUpdate (1001): timestamp is 6 ms in the future: 261127 (now: 261120 offset: 242407)
261335: ==ERR: onCarUpdate (1001): timestamp is 6 ms in the future: 261342 (now: 261335 offset: 242407)
263305: ==ERR: TCP socket error detected 10053 

263305: Client 0 closed the connection (10053)
263321: Removing dead connection 0  (last lastUdpPaketReceived 1863)
263321: Alive connections: 0
263321: car 1001 has no driving connection anymore, will remove it
263321: Updated lobby with 0 drivers
263321: Alive cars: 0
263321: 0 client(s) online
263321: No drivers around, resetting session
263321: Resetting race weekend
263321: Resetting weekend to friday night
263321: Reset time to friday night: 61228 -> 0
263321: Reset time to first session: 0 -> 61200
263321: SessionManager::randomizeGreenFlagTriggers: s:0.991555 e:0.999999 r:0.995607
263321: Detected sessionPhase <session> -> <waiting for drivers> (Practice)
263321: Sent session update to lobby
